// Jest Snapshot v1, https://goo.gl/fbAQLP

exports[`should render App correctly 1`] = `
<div>
  <_default />
  <div
    className="container"
  >
    <div
      className="row"
    >
      <div
        className="col s12"
      >
        <h4>
          Range: 
          3
        </h4>
        <a
          className="waves-effect waves-light btn-small"
          onClick={[Function]}
        >
          Increment
        </a>
        <a
          className="waves-effect waves-light btn-small"
          onClick={[Function]}
        >
          Decrement
        </a>
        <a
          className="waves-effect waves-light btn-small"
          onClick={[Function]}
        >
          Default
        </a>
      </div>
      <div
        className="col s12"
      >
        <GenreList
          genres={Array []}
          toggleCheckbox={[Function]}
        />
        <MoviesList
          genres={Array []}
          images={Object {}}
          movies={Array []}
        />
      </div>
    </div>
  </div>
</div>
`;
